******************************************************************************
                  TI ARM Linker PC v5.1.6                      
******************************************************************************
>> Linked Fri Oct 23 13:29:14 2015

OUTPUT FILE NAME:   <hello.out>
ENTRY POINT SYMBOL: "_c_int00"  address: 000010e5


MEMORY CONFIGURATION

         name            origin    length      used     unused   attr    fill
----------------------  --------  ---------  --------  --------  ----  --------
  FLASH                 00000000   00040000  0000161c  0003e9e4  R  X
  SRAM                  20000000   00008000  0000023c  00007dc4  RW X


SEGMENT ALLOCATION MAP

run origin  load origin   length   init length attrs members
----------  ----------- ---------- ----------- ----- -------
00000000    00000000    00001620   00001620    r-x
  00000000    00000000    0000026c   0000026c    r-- .intvecs
  0000026c    0000026c    0000125e   0000125e    r-x .text
  000014cc    000014cc    00000112   00000112    r-- .const
  000015e0    000015e0    00000040   00000040    r-- .cinit
20000000    20000000    0000023c   00000000    rw-
  20000000    20000000    00000200   00000000    rw- .stack
  20000200    20000200    00000028   00000000    rw- .data
  20000228    20000228    00000014   00000000    rw- .bss


SECTION ALLOCATION MAP

 output                                  attributes/
section   page    origin      length       input sections
--------  ----  ----------  ----------   ----------------
.intvecs   0    00000000    0000026c     
                  00000000    0000026c     startup_ccs.obj (.intvecs)

.init_array 
*          0    00000000    00000000     UNINITIALIZED

.text      0    0000026c    0000125e     
                  0000026c    00000304     hello.obj (.text:main)
                  00000570    000001ea     uartstdio.obj (.text:UARTvprintf)
                  0000075a    00000002     startup_ccs.obj (.text:FaultISR)
                  0000075c    000001ac     hello.obj (.text:ConfigurePWM_GPIO)
                  00000908    000000fc     rtsv7M4_T_le_v4SPD16_eabi.lib : fd_mul_t2.obj (.text)
                  00000a04    000000c4     driverlib.lib : sysctl.obj (.text:SysCtlClockGet)
                  00000ac8    000000b8                   : gpio.obj (.text:GPIOPadConfigSet)
                  00000b80    0000009c     rtsv7M4_T_le_v4SPD16_eabi.lib : memcpy_t2.obj (.text)
                  00000c1c    00000094                                   : auto_init.obj (.text)
                  00000cb0    00000088     hello.obj (.text:ConfigureSSI0)
                  00000d38    00000070     driverlib.lib : adc.obj (.text:ADCSequenceStepConfigure)
                  00000da8    0000006c     hello.obj (.text:ConfigureADC)
                  00000e14    0000006c     hello.obj (.text:DRV8842_OUTPUTS)
                  00000e80    00000068     hello.obj (.text:DisablePWMOnZero)
                  00000ee8    00000064     hello.obj (.text:ConfigureUART)
                  00000f4c    00000060     uartstdio.obj (.text:UARTStdioConfig)
                  00000fac    0000005e     rtsv7M4_T_le_v4SPD16_eabi.lib : copy_decompress_rle.obj (.text)
                  0000100a    0000004a                                   : fd_tos_t2.obj (.text)
                  00001054    00000048     driverlib.lib : gpio.obj (.text:GPIOPinConfigure)
                  0000109c    00000048     uartstdio.obj (.text:UARTwrite)
                  000010e4    00000048     rtsv7M4_T_le_v4SPD16_eabi.lib : boot.obj (.text)
                  0000112c    00000044                                   : cpy_tbl.obj (.text)
                  00001170    00000044                                   : exit.obj (.text)
                  000011b4    00000042     driverlib.lib : ssi.obj (.text:SSIConfigSetExpClk)
                  000011f6    00000042     rtsv7M4_T_le_v4SPD16_eabi.lib : u_divt2.obj (.text)
                  00001238    00000034     driverlib.lib : sysctl.obj (.text:SysCtlPeripheralEnable)
                  0000126c    0000002e                   : adc.obj (.text:ADCIntStatus)
                  0000129a    0000002c                   : adc.obj (.text:ADCSequenceConfigure)
                  000012c6    0000002a                   : gpio.obj (.text:GPIODirModeSet)
                  000012f0    00000022                   : pwm.obj (.text:PWMGenConfigure)
                  00001312    00000020     rtsv7M4_T_le_v4SPD16_eabi.lib : u_tofd_t2.obj (.text)
                  00001332    0000001e     driverlib.lib : adc.obj (.text:ADCSequenceDataGet)
                  00001350    0000001e                   : pwm.obj (.text:PWMPulseWidthSet)
                  0000136e    0000001a     uartstdio.obj (.text:UARTprintf)
                  00001388    00000018     rtsv7M4_T_le_v4SPD16_eabi.lib : args_main.obj (.text)
                  000013a0    00000016     driverlib.lib : adc.obj (.text:ADCProcessorTrigger)
                  000013b6    00000002     startup_ccs.obj (.text:IntDefaultHandler)
                  000013b8    00000014     rtsv7M4_T_le_v4SPD16_eabi.lib : _lock.obj (.text)
                  000013cc    00000012     driverlib.lib : gpio.obj (.text:GPIOPinTypeGPIOInput)
                  000013de    00000012                   : gpio.obj (.text:GPIOPinTypeGPIOOutput)
                  000013f0    00000012                   : gpio.obj (.text:GPIOPinTypePWM)
                  00001402    00000012                   : gpio.obj (.text:GPIOPinTypeSSI)
                  00001414    00000012                   : pwm.obj (.text:PWMOutputState)
                  00001426    00000012                   : ssi.obj (.text:SSIDataGetNonBlocking)
                  00001438    00000012     rtsv7M4_T_le_v4SPD16_eabi.lib : copy_zero_init.obj (.text:decompress:ZI)
                  0000144a    00000010     driverlib.lib : pwm.obj (.text:PWMGenPeriodSet)
                  0000145a    0000000e                   : adc.obj (.text:ADCSequenceEnable)
                  00001468    0000000e                   : ssi.obj (.text:SSIDataPutNonBlocking)
                  00001476    0000000e     rtsv7M4_T_le_v4SPD16_eabi.lib : copy_decompress_none.obj (.text:decompress:none)
                  00001484    0000000c     driverlib.lib : pwm.obj (.text:PWMGenEnable)
                  00001490    0000000a                   : adc.obj (.text:ADCIntClear)
                  0000149a    0000000a                   : ssi.obj (.text:SSIEnable)
                  000014a4    00000006                   : gpio.obj (.text:GPIOPinWrite)
                  000014aa    00000006     startup_ccs.obj (.text:ResetISR)
                  000014b0    00000006     driverlib.lib : ssi.obj (.text:SSIClockSourceSet)
                  000014b6    00000006                   : sysctl.obj (.text:SysCtlDelay)
                  000014bc    00000006                   : uart.obj (.text:UARTClockSourceSet)
                  000014c2    00000006     rtsv7M4_T_le_v4SPD16_eabi.lib : copy_decompress_rle.obj (.text:decompress:rle24)
                  000014c8    00000002     startup_ccs.obj (.text:NmiSR)

.const     0    000014cc    00000112     
                  000014cc    00000078     driverlib.lib : gpio.obj (.const:g_pui32GPIOBaseAddrs)
                  00001544    0000006c                   : sysctl.obj (.const:g_pui32Xtals)
                  000015b0    0000001c     uartstdio.obj (.const)
                  000015cc    00000012     uartstdio.obj (.const:.string)

.cinit     0    000015e0    00000040     
                  000015e0    0000001b     (.cinit..data.load) [load image, compression = rle]
                  000015fb    00000001     --HOLE-- [fill = 0]
                  000015fc    0000000c     (__TI_handler_table)
                  00001608    00000008     (.cinit..bss.load) [load image, compression = zero_init]
                  00001610    00000010     (__TI_cinit_table)

.stack     0    20000000    00000200     UNINITIALIZED
                  20000000    00000200     --HOLE--

.data      0    20000200    00000028     UNINITIALIZED
                  20000200    0000000c     hello.obj (.data)
                  2000020c    00000008     rtsv7M4_T_le_v4SPD16_eabi.lib : _lock.obj (.data)
                  20000214    00000008                                   : exit.obj (.data)
                  2000021c    00000005     uartstdio.obj (.data)
                  20000221    00000003     --HOLE--
                  20000224    00000004     rtsv7M4_T_le_v4SPD16_eabi.lib : stkdepth_vars.obj (.data)

.bss       0    20000228    00000014     UNINITIALIZED
                  20000228    00000010     (.common:ui32ADC0Value)
                  20000238    00000004     (.common:getdata2)


LINKER GENERATED COPY TABLES

__TI_cinit_table @ 00001610 records: 2, size/record: 8, table size: 16
	.data: load addr=000015e0, load size=0000001b bytes, run addr=20000200, run size=00000028 bytes, compression=rle
	.bss: load addr=00001608, load size=00000008 bytes, run addr=20000228, run size=00000014 bytes, compression=zero_init


LINKER GENERATED HANDLER TABLE

__TI_handler_table @ 000015fc records: 3, size/record: 4, table size: 12
	index: 0, handler: __TI_decompress_rle24
	index: 1, handler: __TI_decompress_none
	index: 2, handler: __TI_zero_init


GLOBAL SYMBOLS: SORTED ALPHABETICALLY BY Name 

address    name
--------   ----
00001491   ADCIntClear
0000126d   ADCIntStatus
000013a1   ADCProcessorTrigger
0000129b   ADCSequenceConfigure
00001333   ADCSequenceDataGet
0000145b   ADCSequenceEnable
00000d39   ADCSequenceStepConfigure
00001171   C$$EXIT
00000da9   ConfigureADC
0000075d   ConfigurePWM_GPIO
00000cb1   ConfigureSSI0
00000ee9   ConfigureUART
00000e15   DRV8842_OUTPUTS
00000e81   DisablePWMOnZero
000012c7   GPIODirModeSet
00000ac9   GPIOPadConfigSet
00001055   GPIOPinConfigure
000013cd   GPIOPinTypeGPIOInput
000013df   GPIOPinTypeGPIOOutput
000013f1   GPIOPinTypePWM
00001403   GPIOPinTypeSSI
000014a5   GPIOPinWrite
000012f1   PWMGenConfigure
00001485   PWMGenEnable
0000144b   PWMGenPeriodSet
00001415   PWMOutputState
00001351   PWMPulseWidthSet
20000204   PWM_FREQ
000014ab   ResetISR
UNDEFED    SHT$$INIT_ARRAY$$Base
UNDEFED    SHT$$INIT_ARRAY$$Limit
000014b1   SSIClockSourceSet
000011b5   SSIConfigSetExpClk
00001427   SSIDataGetNonBlocking
00001469   SSIDataPutNonBlocking
0000149b   SSIEnable
00000a05   SysCtlClockGet
000014b7   SysCtlDelay
00001239   SysCtlPeripheralEnable
000014bd   UARTClockSourceSet
00000f4d   UARTStdioConfig
0000136f   UARTprintf
00000571   UARTvprintf
0000109d   UARTwrite
20000200   __STACK_END
00000200   __STACK_SIZE
20000200   __STACK_TOP
00001610   __TI_CINIT_Base
00001620   __TI_CINIT_Limit
000015fc   __TI_Handler_Table_Base
00001608   __TI_Handler_Table_Limit
00000001   __TI_args_main
00000c1d   __TI_auto_init
20000214   __TI_cleanup_ptr
00001477   __TI_decompress_none
000014c3   __TI_decompress_rle24
20000218   __TI_dtors_ptr
00000000   __TI_static_base__
00001439   __TI_zero_init
0000100b   __aeabi_d2f
00000909   __aeabi_dmul
00000b81   __aeabi_memcpy
00000b81   __aeabi_memcpy4
00000b81   __aeabi_memcpy8
00001313   __aeabi_ui2d
000011f7   __aeabi_uidivmod
ffffffff   __binit__
ffffffff   __c_args__
20000000   __stack
00001389   _args_main
000010e5   _c_int00
2000020c   _lock
000013c7   _nop
000013bf   _register_lock
000013b9   _register_unlock
20000210   _unlock
00001175   abort
20000208   addr
ffffffff   binit
0000112d   copy_in
0000117d   exit
00000000   g_pfnVectors
20000238   getdata2
0000026d   main
20000224   main_func_sp
00000b81   memcpy
20000200   ui16Adjust1
20000202   ui16Adjust2
20000228   ui32ADC0Value


GLOBAL SYMBOLS: SORTED BY Symbol Address 

address    name
--------   ----
00000000   __TI_static_base__
00000000   g_pfnVectors
00000001   __TI_args_main
00000200   __STACK_SIZE
0000026d   main
00000571   UARTvprintf
0000075d   ConfigurePWM_GPIO
00000909   __aeabi_dmul
00000a05   SysCtlClockGet
00000ac9   GPIOPadConfigSet
00000b81   __aeabi_memcpy
00000b81   __aeabi_memcpy4
00000b81   __aeabi_memcpy8
00000b81   memcpy
00000c1d   __TI_auto_init
00000cb1   ConfigureSSI0
00000d39   ADCSequenceStepConfigure
00000da9   ConfigureADC
00000e15   DRV8842_OUTPUTS
00000e81   DisablePWMOnZero
00000ee9   ConfigureUART
00000f4d   UARTStdioConfig
0000100b   __aeabi_d2f
00001055   GPIOPinConfigure
0000109d   UARTwrite
000010e5   _c_int00
0000112d   copy_in
00001171   C$$EXIT
00001175   abort
0000117d   exit
000011b5   SSIConfigSetExpClk
000011f7   __aeabi_uidivmod
00001239   SysCtlPeripheralEnable
0000126d   ADCIntStatus
0000129b   ADCSequenceConfigure
000012c7   GPIODirModeSet
000012f1   PWMGenConfigure
00001313   __aeabi_ui2d
00001333   ADCSequenceDataGet
00001351   PWMPulseWidthSet
0000136f   UARTprintf
00001389   _args_main
000013a1   ADCProcessorTrigger
000013b9   _register_unlock
000013bf   _register_lock
000013c7   _nop
000013cd   GPIOPinTypeGPIOInput
000013df   GPIOPinTypeGPIOOutput
000013f1   GPIOPinTypePWM
00001403   GPIOPinTypeSSI
00001415   PWMOutputState
00001427   SSIDataGetNonBlocking
00001439   __TI_zero_init
0000144b   PWMGenPeriodSet
0000145b   ADCSequenceEnable
00001469   SSIDataPutNonBlocking
00001477   __TI_decompress_none
00001485   PWMGenEnable
00001491   ADCIntClear
0000149b   SSIEnable
000014a5   GPIOPinWrite
000014ab   ResetISR
000014b1   SSIClockSourceSet
000014b7   SysCtlDelay
000014bd   UARTClockSourceSet
000014c3   __TI_decompress_rle24
000015fc   __TI_Handler_Table_Base
00001608   __TI_Handler_Table_Limit
00001610   __TI_CINIT_Base
00001620   __TI_CINIT_Limit
20000000   __stack
20000200   __STACK_END
20000200   __STACK_TOP
20000200   ui16Adjust1
20000202   ui16Adjust2
20000204   PWM_FREQ
20000208   addr
2000020c   _lock
20000210   _unlock
20000214   __TI_cleanup_ptr
20000218   __TI_dtors_ptr
20000224   main_func_sp
20000228   ui32ADC0Value
20000238   getdata2
ffffffff   __binit__
ffffffff   __c_args__
ffffffff   binit
UNDEFED    SHT$$INIT_ARRAY$$Base
UNDEFED    SHT$$INIT_ARRAY$$Limit

[89 symbols]
